gcc -g `pkg-config fuse --cflags` -o nufs nufs.c storage.c `pkg-config fuse --libs` -lbsd
/bin/sh: 1: pkg-config: not found
/bin/sh: 1: pkg-config: not found
fusermount -u mnt || true
fusermount: entry for /home/spencer/cs3650/ch03/mnt not found in /etc/mtab
gcc -g `pkg-config fuse --cflags` -o nufs nufs.c storage.c `pkg-config fuse --libs` -lbsd
/bin/sh: 1: pkg-config: not found
/bin/sh: 1: pkg-config: not found
nufs.c:8:24: fatal error: bsd/string.h: No such file or directory
compilation terminated.
nufs.c:8:24: fatal error: bsd/string.h: No such file or directory
compilation terminated.
fusermount -u mnt || true
fusermount: entry for /home/spencer/cs3650/ch03/mnt not found in /etc/mtab
Makefile:10: recipe for target 'nufs' failed
make: *** [nufs] Error 1
Makefile:10: recipe for target 'nufs' failed
make: *** [nufs] Error 1
